Archive member included because of file (symbol)

f:/installed_programs/electronics/atmel/atmel toolchain/avr8 gcc/native/3.4.1061/avr8-gnu-toolchain/bin/../lib/gcc/avr/4.8.1/../../../../avr/lib/avr51\libm.a(addsf3.o)
                              libs/math/mathUtils.o (__subsf3)
f:/installed_programs/electronics/atmel/atmel toolchain/avr8 gcc/native/3.4.1061/avr8-gnu-toolchain/bin/../lib/gcc/avr/4.8.1/../../../../avr/lib/avr51\libm.a(addsf3x.o)
                              f:/installed_programs/electronics/atmel/atmel toolchain/avr8 gcc/native/3.4.1061/avr8-gnu-toolchain/bin/../lib/gcc/avr/4.8.1/../../../../avr/lib/avr51\libm.a(addsf3.o) (__addsf3x)
f:/installed_programs/electronics/atmel/atmel toolchain/avr8 gcc/native/3.4.1061/avr8-gnu-toolchain/bin/../lib/gcc/avr/4.8.1/../../../../avr/lib/avr51\libm.a(cmpsf2.o)
                              main.o (__ltsf2)
f:/installed_programs/electronics/atmel/atmel toolchain/avr8 gcc/native/3.4.1061/avr8-gnu-toolchain/bin/../lib/gcc/avr/4.8.1/../../../../avr/lib/avr51\libm.a(divsf3.o)
                              libs/math/mathUtils.o (__divsf3)
f:/installed_programs/electronics/atmel/atmel toolchain/avr8 gcc/native/3.4.1061/avr8-gnu-toolchain/bin/../lib/gcc/avr/4.8.1/../../../../avr/lib/avr51\libm.a(divsf3x.o)
                              f:/installed_programs/electronics/atmel/atmel toolchain/avr8 gcc/native/3.4.1061/avr8-gnu-toolchain/bin/../lib/gcc/avr/4.8.1/../../../../avr/lib/avr51\libm.a(divsf3.o) (__divsf3x)
f:/installed_programs/electronics/atmel/atmel toolchain/avr8 gcc/native/3.4.1061/avr8-gnu-toolchain/bin/../lib/gcc/avr/4.8.1/../../../../avr/lib/avr51\libm.a(exp.o)
                              libs/sht2x/sht2x.o (exp)
f:/installed_programs/electronics/atmel/atmel toolchain/avr8 gcc/native/3.4.1061/avr8-gnu-toolchain/bin/../lib/gcc/avr/4.8.1/../../../../avr/lib/avr51\libm.a(fixsfsi.o)
                              libs/pid/pid.o (__fixsfsi)
f:/installed_programs/electronics/atmel/atmel toolchain/avr8 gcc/native/3.4.1061/avr8-gnu-toolchain/bin/../lib/gcc/avr/4.8.1/../../../../avr/lib/avr51\libm.a(fixunssfsi.o)
                              libs/math/mathUtils.o (__fixunssfsi)
f:/installed_programs/electronics/atmel/atmel toolchain/avr8 gcc/native/3.4.1061/avr8-gnu-toolchain/bin/../lib/gcc/avr/4.8.1/../../../../avr/lib/avr51\libm.a(floatsisf.o)
                              libs/math/mathUtils.o (__floatunsisf)
f:/installed_programs/electronics/atmel/atmel toolchain/avr8 gcc/native/3.4.1061/avr8-gnu-toolchain/bin/../lib/gcc/avr/4.8.1/../../../../avr/lib/avr51\libm.a(fp_cmp.o)
                              f:/installed_programs/electronics/atmel/atmel toolchain/avr8 gcc/native/3.4.1061/avr8-gnu-toolchain/bin/../lib/gcc/avr/4.8.1/../../../../avr/lib/avr51\libm.a(cmpsf2.o) (__fp_cmp)
f:/installed_programs/electronics/atmel/atmel toolchain/avr8 gcc/native/3.4.1061/avr8-gnu-toolchain/bin/../lib/gcc/avr/4.8.1/../../../../avr/lib/avr51\libm.a(fp_inf.o)
                              f:/installed_programs/electronics/atmel/atmel toolchain/avr8 gcc/native/3.4.1061/avr8-gnu-toolchain/bin/../lib/gcc/avr/4.8.1/../../../../avr/lib/avr51\libm.a(addsf3x.o) (__fp_inf)
f:/installed_programs/electronics/atmel/atmel toolchain/avr8 gcc/native/3.4.1061/avr8-gnu-toolchain/bin/../lib/gcc/avr/4.8.1/../../../../avr/lib/avr51\libm.a(fp_nan.o)
                              f:/installed_programs/electronics/atmel/atmel toolchain/avr8 gcc/native/3.4.1061/avr8-gnu-toolchain/bin/../lib/gcc/avr/4.8.1/../../../../avr/lib/avr51\libm.a(addsf3x.o) (__fp_nan)
f:/installed_programs/electronics/atmel/atmel toolchain/avr8 gcc/native/3.4.1061/avr8-gnu-toolchain/bin/../lib/gcc/avr/4.8.1/../../../../avr/lib/avr51\libm.a(fp_powser.o)
                              f:/installed_programs/electronics/atmel/atmel toolchain/avr8 gcc/native/3.4.1061/avr8-gnu-toolchain/bin/../lib/gcc/avr/4.8.1/../../../../avr/lib/avr51\libm.a(exp.o) (__fp_powser)
f:/installed_programs/electronics/atmel/atmel toolchain/avr8 gcc/native/3.4.1061/avr8-gnu-toolchain/bin/../lib/gcc/avr/4.8.1/../../../../avr/lib/avr51\libm.a(fp_pscA.o)
                              f:/installed_programs/electronics/atmel/atmel toolchain/avr8 gcc/native/3.4.1061/avr8-gnu-toolchain/bin/../lib/gcc/avr/4.8.1/../../../../avr/lib/avr51\libm.a(addsf3x.o) (__fp_pscA)
f:/installed_programs/electronics/atmel/atmel toolchain/avr8 gcc/native/3.4.1061/avr8-gnu-toolchain/bin/../lib/gcc/avr/4.8.1/../../../../avr/lib/avr51\libm.a(fp_pscB.o)
                              f:/installed_programs/electronics/atmel/atmel toolchain/avr8 gcc/native/3.4.1061/avr8-gnu-toolchain/bin/../lib/gcc/avr/4.8.1/../../../../avr/lib/avr51\libm.a(addsf3x.o) (__fp_pscB)
f:/installed_programs/electronics/atmel/atmel toolchain/avr8 gcc/native/3.4.1061/avr8-gnu-toolchain/bin/../lib/gcc/avr/4.8.1/../../../../avr/lib/avr51\libm.a(fp_round.o)
[...]
Memory Configuration

Name             Origin             Length             Attributes
text             0x00000000         0x00020000         xr
data             0x00800100         0x0000ff00         rw !x
eeprom           0x00810000         0x00010000         rw !x
fuse             0x00820000         0x00000400         rw !x
lock             0x00830000         0x00000400         rw !x
signature        0x00840000         0x00000400         rw !x
user_signatures  0x00850000         0x00000400         rw !x
*default*        0x00000000         0xffffffff

Linker script and memory map

Address of section .data set to 0x800100
LOAD f:/installed_programs/electronics/atmel/atmel toolchain/avr8 gcc/native/3.4.1061/avr8-gnu-toolchain/bin/../lib/gcc/avr/4.8.1/../../../../avr/lib/avr51/crtm128.o
LOAD libs/adc/adc_analog.o
LOAD libs/ade775x/ade77xx.o
LOAD libs/ds182x/ds1820.o
LOAD libs/ds182x/ds18b20.o
LOAD libs/eeprom/eeprom.o
LOAD libs/i2c/twi.o
LOAD libs/interrupts/interruptvectors.o
LOAD libs/joystick/Joy2x3.o
LOAD libs/keyboard/kbd4x3.o
LOAD libs/lcds/hd774x.o
LOAD libs/lcds/hdpcf774x.o
LOAD libs/lcds/ili932x.o
LOAD libs/lcds/ks010x.o
LOAD libs/led_8x8_matrix/led_8x8.o
LOAD libs/led_segments/seg14.o
LOAD libs/led_segments/seg7.o
LOAD libs/math/mathUtils.o
LOAD libs/max7219/max7219.o
LOAD libs/motors/a498x.o
LOAD libs/motors/drv881x.o
LOAD libs/motors/stepper.o
LOAD libs/ntc/ntc.o
LOAD libs/pca95xx/pca9535.o
LOAD libs/pcf857x/pcf8575.o
LOAD libs/pcf857x/pcf857x.o
LOAD libs/pid/pid.o
LOAD libs/sht1x/sht1x.o
LOAD libs/sht2x/sht2x.o
LOAD libs/spi/my_spi.o
LOAD libs/tsl256x/tsl2561.o
LOAD libs/usart/usart.o
LOAD libs/utils/my_utils.o
LOAD main.o
START GROUP
LOAD f:/installed_programs/electronics/atmel/atmel toolchain/avr8 gcc/native/3.4.1061/avr8-gnu-toolchain/bin/../lib/gcc/avr/4.8.1/../../../../avr/lib/avr51\libm.a
END GROUP
START GROUP
LOAD f:/installed_programs/electronics/atmel/atmel toolchain/avr8 gcc/native/3.4.1061/avr8-gnu-toolchain/bin/../lib/gcc/avr/4.8.1/avr51\libgcc.a
LOAD f:/installed_programs/electronics/atmel/atmel toolchain/avr8 gcc/native/3.4.1061/avr8-gnu-toolchain/bin/../lib/gcc/avr/4.8.1/../../../../avr/lib/avr51\libm.a
LOAD f:/installed_programs/electronics/atmel/atmel toolchain/avr8 gcc/native/3.4.1061/avr8-gnu-toolchain/bin/../lib/gcc/avr/4.8.1/../../../../avr/lib/avr51\libc.a
END GROUP

.hash
 *(.hash)

.dynsym
 *(.dynsym)

.dynstr
 *(.dynstr)

.gnu.version
 *(.gnu.version)

.gnu.version_d
 *(.gnu.version_d)

.gnu.version_r
 *(.gnu.version_r)

.rel.init
 *(.rel.init)

.rela.init
 *(.rela.init)

.rel.text
 *(.rel.text)
 *(.rel.text.*)
 *(.rel.gnu.linkonce.t*)

.rela.text
 *(.rela.text)
 *(.rela.text.*)
 *(.rela.gnu.linkonce.t*)

.rel.fini
 *(.rel.fini)

.rela.fini
 *(.rela.fini)

.rel.rodata
 *(.rel.rodata)
 *(.rel.rodata.*)
 *(.rel.gnu.linkonce.r*)

.rela.rodata
 *(.rela.rodata)
 *(.rela.rodata.*)
 *(.rela.gnu.linkonce.r*)

.rel.data
 *(.rel.data)
 *(.rel.data.*)
 *(.rel.gnu.linkonce.d*)

.rela.data
 *(.rela.data)
 *(.rela.data.*)
 *(.rela.gnu.linkonce.d*)

.rel.ctors
 *(.rel.ctors)

.rela.ctors
 *(.rela.ctors)

.rel.dtors
 *(.rel.dtors)

.rela.dtors
 *(.rela.dtors)

.rel.got
 *(.rel.got)

.rela.got
 *(.rela.got)

.rel.bss
 *(.rel.bss)

.rela.bss
 *(.rela.bss)

.rel.plt
 *(.rel.plt)

.rela.plt
 *(.rela.plt)

.text           0x00000000     0x1cb2
 *(.vectors)
 .vectors       0x00000000       0x8c f:/installed_programs/electronics/atmel/atmel toolchain/avr8 gcc/native/3.4.1061/avr8-gnu-toolchain/bin/../lib/gcc/avr/4.8.1/../../../../avr/lib/avr51/crtm128.o
                0x00000000                __vector_default
                0x00000000                __vectors
 *(.vectors)
 *(.progmem.gcc*)
 .progmem.gcc_fplib
                0x0000008c       0x28 f:/installed_programs/electronics/atmel/atmel toolchain/avr8 gcc/native/3.4.1061/avr8-gnu-toolchain/bin/../lib/gcc/avr/4.8.1/../../../../avr/lib/avr51\libm.a(exp.o)
 .progmem.gcc_fplib
                0x000000b4       0x5a f:/installed_programs/electronics/atmel/atmel toolchain/avr8 gcc/native/3.4.1061/avr8-gnu-toolchain/bin/../lib/gcc/avr/4.8.1/../../../../avr/lib/avr51\libm.a(log.o)
                0x0000010e                . = ALIGN (0x2)
                0x0000010e                __trampolines_start = .
 *(.trampolines)
 .trampolines   0x0000010e        0x0 linker stubs
 *(.trampolines*)
                0x0000010e                __trampolines_end = .
 *(.progmem*)
 .progmem.data.LcdCustomChar
                0x0000010e       0x40 libs/lcds/hd774x.o
                0x0000010e                LcdCustomChar
                0x0000014e                . = ALIGN (0x2)
 *(.jumptables)
 *(.jumptables*)
 *(.lowtext)
 *(.lowtext*)
                0x0000014e                __ctors_start = .
 *(.ctors)
                0x0000014e                __ctors_end = .
                0x0000014e                __dtors_start = .
 *(.dtors)
                0x0000014e                __dtors_end = .
 SORT(*)(.ctors)
 SORT(*)(.dtors)
 *(.init0)
 .init0         0x0000014e        0x0 f:/installed_programs/electronics/atmel/atmel toolchain/avr8 gcc/native/3.4.1061/avr8-gnu-toolchain/bin/../lib/gcc/avr/4.8.1/../../../../avr/lib/avr51/crtm128.o
                0x0000014e                __init
 *(.init0)
 *(.init1)
 *(.init1)
 *(.init2)
 .init2         0x0000014e        0xc f:/installed_programs/electronics/atmel/atmel toolchain/avr8 gcc/native/3.4.1061/avr8-gnu-toolchain/bin/../lib/gcc/avr/4.8.1/../../../../avr/lib/avr51/crtm128.o
 *(.init2)
 *(.init3)
 *(.init3)
 *(.init4)
 .init4         0x0000015a       0x1a f:/installed_programs/electronics/atmel/atmel toolchain/avr8 gcc/native/3.4.1061/avr8-gnu-toolchain/bin/../lib/gcc/avr/4.8.1/avr51\libgcc.a(_copy_data.o)
                0x0000015a                __do_copy_data
 .init4         0x00000174       0x10 f:/installed_programs/electronics/atmel/atmel toolchain/avr8 gcc/native/3.4.1061/avr8-gnu-toolchain/bin/../lib/gcc/avr/4.8.1/avr51\libgcc.a(_clear_bss.o)
                0x00000174                __do_clear_bss
 *(.init4)
 *(.init5)
 *(.init5)
 *(.init6)
 *(.init6)
 *(.init7)
 *(.init7)
 *(.init8)
 *(.init8)
 *(.init9)
 .init9         0x00000184        0x6 f:/installed_programs/electronics/atmel/atmel toolchain/avr8 gcc/native/3.4.1061/avr8-gnu-toolchain/bin/../lib/gcc/avr/4.8.1/../../../../avr/lib/avr51/crtm128.o
 *(.init9)
 *(.text)
                0x0000018a                . = ALIGN (0x2)
 *(.text.*)
 .text.clearBuffer
                0x0000018a       0x16 libs/interrupts/interruptvectors.o
                0x0000018a                clearBuffer
 .text.__vector_1
                0x000001a0       0x14 libs/interrupts/interruptvectors.o
                0x000001a0                __vector_1
 .text.__vector_2
                0x000001b4       0x14 libs/interrupts/interruptvectors.o
                0x000001b4                __vector_2
 .text.__vector_3
                0x000001c8       0x14 libs/interrupts/interruptvectors.o
                0x000001c8                __vector_3
 .text.__vector_4
                0x000001dc       0x14 libs/interrupts/interruptvectors.o
                0x000001dc                __vector_4
 .text.__vector_5
                0x000001f0       0x14 libs/interrupts/interruptvectors.o
                0x000001f0                __vector_5
 .text.__vector_6
                0x00000204       0x14 libs/interrupts/interruptvectors.o
                0x00000204                __vector_6
 .text.__vector_7
                0x00000218       0x14 libs/interrupts/interruptvectors.o
                0x00000218                __vector_7
 .text.__vector_8
                0x0000022c       0x14 libs/interrupts/interruptvectors.o
                0x0000022c                __vector_8
 .text.__vector_9
                0x00000240       0x14 libs/interrupts/interruptvectors.o
                0x00000240                __vector_9
 .text.__vector_10
                0x00000254       0x14 libs/interrupts/interruptvectors.o
                0x00000254                __vector_10
 .text.__vector_11
                0x00000268       0x14 libs/interrupts/interruptvectors.o
                0x00000268                __vector_11
 .text.__vector_12
                0x0000027c       0x14 libs/interrupts/interruptvectors.o
                0x0000027c                __vector_12
 .text.__vector_13
                0x00000290       0x14 libs/interrupts/interruptvectors.o
                0x00000290                __vector_13
 .text.__vector_14
                0x000002a4       0x14 libs/interrupts/interruptvectors.o
                0x000002a4                __vector_14
 .text.__vector_15
                0x000002b8       0xa0 libs/interrupts/interruptvectors.o
                0x000002b8                __vector_15
 .text.__vector_16
                0x00000358       0x14 libs/interrupts/interruptvectors.o
                0x00000358                __vector_16
 .text.__vector_17
                0x0000036c       0x14 libs/interrupts/interruptvectors.o
                0x0000036c                __vector_17
 .text.__vector_18
                0x00000380       0x50 libs/interrupts/interruptvectors.o
                0x00000380                __vector_18
 .text.__vector_19
                0x000003d0       0x14 libs/interrupts/interruptvectors.o
                0x000003d0                __vector_19
 .text.__vector_20
                0x000003e4       0x14 libs/interrupts/interruptvectors.o
                0x000003e4                __vector_20
 .text.__vector_21
                0x000003f8       0x14 libs/interrupts/interruptvectors.o
                0x000003f8                __vector_21
 .text.__vector_22
                0x0000040c       0x14 libs/interrupts/interruptvectors.o
                0x0000040c                __vector_22
 .text.__vector_23
                0x00000420       0x14 libs/interrupts/interruptvectors.o
                0x00000420                __vector_23
 .text.__vector_24
                0x00000434       0x14 libs/interrupts/interruptvectors.o
                0x00000434                __vector_24
 .text.__vector_25
                0x00000448       0x14 libs/interrupts/interruptvectors.o
                0x00000448                __vector_25
 .text.__vector_26
                0x0000045c       0x14 libs/interrupts/interruptvectors.o
                0x0000045c                __vector_26
 .text.__vector_27
                0x00000470       0x14 libs/interrupts/interruptvectors.o
                0x00000470                __vector_27
 .text.__vector_28
                0x00000484       0x14 libs/interrupts/interruptvectors.o
                0x00000484                __vector_28
 .text.__vector_29
                0x00000498       0x14 libs/interrupts/interruptvectors.o
                0x00000498                __vector_29
 .text.__vector_30
                0x000004ac       0x8a libs/interrupts/interruptvectors.o
                0x000004ac                __vector_30
 .text.__vector_31
                0x00000536       0x14 libs/interrupts/interruptvectors.o
                0x00000536                __vector_31
 .text.__vector_32
                0x0000054a       0x14 libs/interrupts/interruptvectors.o
                0x0000054a                __vector_32
 .text.__vector_33
                0x0000055e       0x14 libs/interrupts/interruptvectors.o
                0x0000055e                __vector_33
 .text.__vector_34
                0x00000572       0x14 libs/interrupts/interruptvectors.o
                0x00000572                __vector_34
 .text.LCD_sendChar
                0x00000586       0x52 libs/lcds/hd774x.o
                0x00000586                LCD_sendChar
 .text.LCD_sendCommand
                0x000005d8       0x4a libs/lcds/hd774x.o
                0x000005d8                LCD_sendCommand
 .text.LCD_clr  0x00000622       0x12 libs/lcds/hd774x.o
                0x00000622                LCD_clr
 .text.LCD_sendString
                0x00000634       0x3a libs/lcds/hd774x.o
                0x00000634                LCD_sendString
 .text.LCD_gotoXY
                0x0000066e       0x1c libs/lcds/hd774x.o
                0x0000066e                LCD_gotoXY
 .text.LCD_defineChar
                0x0000068a       0x44 libs/lcds/hd774x.o
                0x0000068a                LCD_defineChar
 .text.LCD_init
                0x000006ce       0xaa libs/lcds/hd774x.o
                0x000006ce                LCD_init
 .text.USART1_config
                0x00000778       0x12 libs/usart/usart.o
                0x00000778                USART1_config
 .text.USART1_sendChar
                0x0000078a       0x10 libs/usart/usart.o
                0x0000078a                USART1_sendChar
 .text.USART1_sendStr
                0x0000079a       0x58 libs/usart/usart.o
                0x0000079a                USART1_sendStr
 .text.USART1_receiveChar
                0x000007f2       0x10 libs/usart/usart.o
                0x000007f2                USART1_receiveChar
 .text.USART0_sendChar
                0x00000802        0x8 libs/usart/usart.o
                0x00000802                USART0_sendChar
 .text.USART0_receiveChar
                0x0000080a        0x8 libs/usart/usart.o
                0x0000080a                USART0_receiveChar
 .text.schedulerInit
                0x00000812       0x18 main.o
                0x00000812                schedulerInit
 .text.decodeButton
                0x0000082a       0x2c main.o
                0x0000082a                decodeButton
 .text.debounceKey
                0x00000856       0x8e main.o
                0x00000856                debounceKey
 .text.checkTempError
                0x000008e4       0x90 main.o
                0x000008e4                checkTempError
 .text.setTempSetPoint
                0x00000974       0xd2 main.o
                0x00000974                setTempSetPoint
 .text.setHistSetPoint
                0x00000a46       0x92 main.o
                0x00000a46                setHistSetPoint
 .text.stateMachine
                0x00000ad8       0x9a main.o
                0x00000ad8                stateMachine
 .text.readButtons
                0x00000b72        0x8 main.o
                0x00000b72                readButtons
 .text.setOutputRelay
                0x00000b7a       0x10 main.o
                0x00000b7a                setOutputRelay
 .text.initGPIO
                0x00000b8a       0x10 main.o
                0x00000b8a                initGPIO
 .text.paramLoadDefaultParameters
                0x00000b9a       0x32 main.o
                0x00000b9a                paramLoadDefaultParameters
 .text.eepromSetDefaultParameters
                0x00000bcc       0x46 main.o
                0x00000bcc                eepromSetDefaultParameters
 .text.paramLoadFromEeprom
                0x00000c12       0x5e main.o
                0x00000c12                paramLoadFromEeprom
 .text.paramSavetoEeprom
                0x00000c70       0x56 main.o
                0x00000c70                paramSavetoEeprom
 .text.showLcdSplash
                0x00000cc6       0x2e main.o
                0x00000cc6                showLcdSplash
 .text.setLcdInitialFields
                0x00000cf4       0x34 main.o
                0x00000cf4                setLcdInitialFields
 .text.showLcdSavedMessage
                0x00000d28       0x22 main.o
                0x00000d28                showLcdSavedMessage
 .text.splitDouble
                0x00000d4a       0x9e main.o
                0x00000d4a                splitDouble
 .text.updateLcd
                0x00000de8      0x11c main.o
                0x00000de8                updateLcd
 .text.main     0x00000f04       0xb2 main.o
                0x00000f04                main
 .text.avr-libc.fplib
                0x00000fb6        0xa f:/installed_programs/electronics/atmel/atmel toolchain/avr8 gcc/native/3.4.1061/avr8-gnu-toolchain/bin/../lib/gcc/avr/4.8.1/../../../../avr/lib/avr51\libm.a(addsf3.o)
                0x00000fb6                __subsf3
                0x00000fb8                __addsf3
 .text.avr-libc.fplib
                0x00000fc0       0xc0 f:/installed_programs/electronics/atmel/atmel toolchain/avr8 gcc/native/3.4.1061/avr8-gnu-toolchain/bin/../lib/gcc/avr/4.8.1/../../../../avr/lib/avr51\libm.a(addsf3x.o)
                0x00000fda                __addsf3x
 .text.avr-libc.fplib
                0x00001080        0x8 f:/installed_programs/electronics/atmel/atmel toolchain/avr8 gcc/native/3.4.1061/avr8-gnu-toolchain/bin/../lib/gcc/avr/4.8.1/../../../../avr/lib/avr51\libm.a(cmpsf2.o)
                0x00001080                __nesf2
                0x00001080                __eqsf2
                0x00001080                __cmpsf2
                0x00001080                __ltsf2
                0x00001080                __lesf2
 .text.avr-libc.fplib
                0x00001088        0x4 f:/installed_programs/electronics/atmel/atmel toolchain/avr8 gcc/native/3.4.1061/avr8-gnu-toolchain/bin/../lib/gcc/avr/4.8.1/../../../../avr/lib/avr51\libm.a(divsf3.o)
                0x00001088                __divsf3
 .text.avr-libc.fplib
                0x0000108c       0xcc f:/installed_programs/electronics/atmel/atmel toolchain/avr8 gcc/native/3.4.1061/avr8-gnu-toolchain/bin/../lib/gcc/avr/4.8.1/../../../../avr/lib/avr51\libm.a(divsf3x.o)
                0x000010a2                __divsf3x
                0x000010a6                __divsf3_pse
 .text.avr-libc.fplib
                0x00001158       0x62 f:/installed_programs/electronics/atmel/atmel toolchain/avr8 gcc/native/3.4.1061/avr8-gnu-toolchain/bin/../lib/gcc/avr/4.8.1/../../../../avr/lib/avr51\libm.a(exp.o)
                0x00001162                exp
 .text.avr-libc.fplib
                0x000011ba        0xa f:/installed_programs/electronics/atmel/atmel toolchain/avr8 gcc/native/3.4.1061/avr8-gnu-toolchain/bin/../lib/gcc/avr/4.8.1/../../../../avr/lib/avr51\libm.a(fixsfsi.o)
                0x000011ba                __fixsfsi
 .text.avr-libc.fplib
                0x000011c4       0x58 f:/installed_programs/electronics/atmel/atmel toolchain/avr8 gcc/native/3.4.1061/avr8-gnu-toolchain/bin/../lib/gcc/avr/4.8.1/../../../../avr/lib/avr51\libm.a(fixunssfsi.o)
                0x000011c4                __fixunssfsi
 .text.avr-libc.fplib
                0x0000121c       0x7a f:/installed_programs/electronics/atmel/atmel toolchain/avr8 gcc/native/3.4.1061/avr8-gnu-toolchain/bin/../lib/gcc/avr/4.8.1/../../../../avr/lib/avr51\libm.a(floatsisf.o)
                0x0000121c                __floatunsisf
                0x00001220                __floatsisf
 .text.avr-libc.fplib
                0x00001296       0x48 f:/installed_programs/electronics/atmel/atmel toolchain/avr8 gcc/native/3.4.1061/avr8-gnu-toolchain/bin/../lib/gcc/avr/4.8.1/../../../../avr/lib/avr51\libm.a(fp_cmp.o)
                0x00001296                __fp_cmp
 .text.avr-libc.fplib
                0x000012de        0xc f:/installed_programs/electronics/atmel/atmel toolchain/avr8 gcc/native/3.4.1061/avr8-gnu-toolchain/bin/../lib/gcc/avr/4.8.1/../../../../avr/lib/avr51\libm.a(fp_inf.o)
                0x000012de                __fp_inf
 .text.avr-libc.fplib
                0x000012ea        0x6 f:/installed_programs/electronics/atmel/atmel toolchain/avr8 gcc/native/3.4.1061/avr8-gnu-toolchain/bin/../lib/gcc/avr/4.8.1/../../../../avr/lib/avr51\libm.a(fp_nan.o)
                0x000012ea                __fp_nan
 .text.avr-libc.fplib
                0x000012f0       0x4a f:/installed_programs/electronics/atmel/atmel toolchain/avr8 gcc/native/3.4.1061/avr8-gnu-toolchain/bin/../lib/gcc/avr/4.8.1/../../../../avr/lib/avr51\libm.a(fp_powser.o)
                0x000012f0                __fp_powser
 .text.avr-libc.fplib
                0x0000133a        0xe f:/installed_programs/electronics/atmel/atmel toolchain/avr8 gcc/native/3.4.1061/avr8-gnu-toolchain/bin/../lib/gcc/avr/4.8.1/../../../../avr/lib/avr51\libm.a(fp_pscA.o)
                0x0000133a                __fp_pscA
 .text.avr-libc.fplib
                0x00001348        0xe f:/installed_programs/electronics/atmel/atmel toolchain/avr8 gcc/native/3.4.1061/avr8-gnu-toolchain/bin/../lib/gcc/avr/4.8.1/../../../../avr/lib/avr51\libm.a(fp_pscB.o)
                0x00001348                __fp_pscB
 .text.avr-libc.fplib
                0x00001356       0x22 f:/installed_programs/electronics/atmel/atmel toolchain/avr8 gcc/native/3.4.1061/avr8-gnu-toolchain/bin/../lib/gcc/avr/4.8.1/../../../../avr/lib/avr51\libm.a(fp_round.o)
                0x00001356                __fp_round
 .text.avr-libc.fplib
                0x00001378       0x44 f:/installed_programs/electronics/atmel/atmel toolchain/avr8 gcc/native/3.4.1061/avr8-gnu-toolchain/bin/../lib/gcc/avr/4.8.1/../../../../avr/lib/avr51\libm.a(fp_split3.o)
                0x00001378                __fp_split3
                0x00001388                __fp_splitA
 .text.avr-libc.fplib
                0x000013bc        0xe f:/installed_programs/electronics/atmel/atmel toolchain/avr8 gcc/native/3.4.1061/avr8-gnu-toolchain/bin/../lib/gcc/avr/4.8.1/../../../../avr/lib/avr51\libm.a(fp_zero.o)
                0x000013bc                __fp_zero
                0x000013be                __fp_szero
 .text.avr-libc.fplib
                0x000013ca        0x8 f:/installed_programs/electronics/atmel/atmel toolchain/avr8 gcc/native/3.4.1061/avr8-gnu-toolchain/bin/../lib/gcc/avr/4.8.1/../../../../avr/lib/avr51\libm.a(gesf2.o)
                0x000013ca                __gesf2
                0x000013ca                __gtsf2
 .text.avr-libc.fplib
                0x000013d2        0xe f:/installed_programs/electronics/atmel/atmel toolchain/avr8 gcc/native/3.4.1061/avr8-gnu-toolchain/bin/../lib/gcc/avr/4.8.1/../../../../avr/lib/avr51\libm.a(inverse.o)
                0x000013d2                inverse
 .text.avr-libc.fplib
                0x000013e0       0x6c f:/installed_programs/electronics/atmel/atmel toolchain/avr8 gcc/native/3.4.1061/avr8-gnu-toolchain/bin/../lib/gcc/avr/4.8.1/../../../../avr/lib/avr51\libm.a(ldexp.o)
                0x000013e4                ldexp
 .text.avr-libc.fplib
                0x0000144c       0x8a f:/installed_programs/electronics/atmel/atmel toolchain/avr8 gcc/native/3.4.1061/avr8-gnu-toolchain/bin/../lib/gcc/avr/4.8.1/../../../../avr/lib/avr51\libm.a(log.o)
                0x00001456                log
 .text.avr-libc.fplib
                0x000014d6       0x66 f:/installed_programs/electronics/atmel/atmel toolchain/avr8 gcc/native/3.4.1061/avr8-gnu-toolchain/bin/../lib/gcc/avr/4.8.1/../../../../avr/lib/avr51\libm.a(modf.o)
                0x000014d6                modf
                0x000014d6                modff
 .text.avr-libc.fplib
                0x0000153c        0x4 f:/installed_programs/electronics/atmel/atmel toolchain/avr8 gcc/native/3.4.1061/avr8-gnu-toolchain/bin/../lib/gcc/avr/4.8.1/../../../../avr/lib/avr51\libm.a(mulsf3.o)
                0x0000153c                __mulsf3
 .text.avr-libc.fplib
                0x00001540       0xc2 f:/installed_programs/electronics/atmel/atmel toolchain/avr8 gcc/native/3.4.1061/avr8-gnu-toolchain/bin/../lib/gcc/avr/4.8.1/../../../../avr/lib/avr51\libm.a(mulsf3x.o)
                0x00001554                __mulsf3x
                0x00001558                __mulsf3_pse
 .text.avr-libc.fplib
                0x00001602       0x98 f:/installed_programs/electronics/atmel/atmel toolchain/avr8 gcc/native/3.4.1061/avr8-gnu-toolchain/bin/../lib/gcc/avr/4.8.1/../../../../avr/lib/avr51\libm.a(pow.o)
                0x00001602                pow
 .text.avr-libc.fplib
                0x0000169a       0x1c f:/installed_programs/electronics/atmel/atmel toolchain/avr8 gcc/native/3.4.1061/avr8-gnu-toolchain/bin/../lib/gcc/avr/4.8.1/../../../../avr/lib/avr51\libm.a(fp_mpack.o)
                0x0000169a                __fp_mpack
                0x0000169e                __fp_mpack_finite
 .text.libgcc.div
                0x000016b6       0x28 f:/installed_programs/electronics/atmel/atmel toolchain/avr8 gcc/native/3.4.1061/avr8-gnu-toolchain/bin/../lib/gcc/avr/4.8.1/avr51\libgcc.a(_udivmodhi4.o)
                0x000016b6                __udivmodhi4
 .text.avr-libc
                0x000016de       0x5c f:/installed_programs/electronics/atmel/atmel toolchain/avr8 gcc/native/3.4.1061/avr8-gnu-toolchain/bin/../lib/gcc/avr/4.8.1/../../../../avr/lib/avr51\libc.a(sprintf.o)
                0x000016de                sprintf
 .text.avr-libc
                0x0000173a      0x3dc f:/installed_programs/electronics/atmel/atmel toolchain/avr8 gcc/native/3.4.1061/avr8-gnu-toolchain/bin/../lib/gcc/avr/4.8.1/../../../../avr/lib/avr51\libc.a(vfprintf_std.o)
                0x0000173a                vfprintf
 .text.avr-libc
                0x00001b16       0x20 f:/installed_programs/electronics/atmel/atmel toolchain/avr8 gcc/native/3.4.1061/avr8-gnu-toolchain/bin/../lib/gcc/avr/4.8.1/../../../../avr/lib/avr51\libc.a(eerd_block_atmega128.o)
                0x00001b16                __eerd_block_m128
                0x00001b1a                __eerd_blraw_m128
 .text.avr-libc
                0x00001b36       0x12 f:/installed_programs/electronics/atmel/atmel toolchain/avr8 gcc/native/3.4.1061/avr8-gnu-toolchain/bin/../lib/gcc/avr/4.8.1/../../../../avr/lib/avr51\libc.a(eewr_block_atmega128.o)
                0x00001b36                __eewr_block_m128
 .text.avr-libc
                0x00001b48       0x1a f:/installed_programs/electronics/atmel/atmel toolchain/avr8 gcc/native/3.4.1061/avr8-gnu-toolchain/bin/../lib/gcc/avr/4.8.1/../../../../avr/lib/avr51\libc.a(eewr_byte_atmega128.o)
                0x00001b48                __eewr_byte_m128
                0x00001b4a                __eewr_r18_m128
 .text.avr-libc
                0x00001b62       0x16 f:/installed_programs/electronics/atmel/atmel toolchain/avr8 gcc/native/3.4.1061/avr8-gnu-toolchain/bin/../lib/gcc/avr/4.8.1/../../../../avr/lib/avr51\libc.a(strnlen_P.o)
                0x00001b62                strnlen_P
 .text.avr-libc
                0x00001b78       0x16 f:/installed_programs/electronics/atmel/atmel toolchain/avr8 gcc/native/3.4.1061/avr8-gnu-toolchain/bin/../lib/gcc/avr/4.8.1/../../../../avr/lib/avr51\libc.a(strnlen.o)
                0x00001b78                strnlen
 .text.avr-libc
                0x00001b8e       0x64 f:/installed_programs/electronics/atmel/atmel toolchain/avr8 gcc/native/3.4.1061/avr8-gnu-toolchain/bin/../lib/gcc/avr/4.8.1/../../../../avr/lib/avr51\libc.a(fputc.o)
                0x00001b8e                fputc
 .text.avr-libc
                0x00001bf2       0xbc f:/installed_programs/electronics/atmel/atmel toolchain/avr8 gcc/native/3.4.1061/avr8-gnu-toolchain/bin/../lib/gcc/avr/4.8.1/../../../../avr/lib/avr51\libc.a(ultoa_invert.o)
                0x00001bf2                __ultoa_invert
                0x00001cae                . = ALIGN (0x2)
 *(.fini9)
 .fini9         0x00001cae        0x0 f:/installed_programs/electronics/atmel/atmel toolchain/avr8 gcc/native/3.4.1061/avr8-gnu-toolchain/bin/../lib/gcc/avr/4.8.1/avr51\libgcc.a(_exit.o)
                0x00001cae                _exit
                0x00001cae                exit
 *(.fini9)
 *(.fini8)
 *(.fini8)
 *(.fini7)
 *(.fini7)
 *(.fini6)
 *(.fini6)
 *(.fini5)
 *(.fini5)
 *(.fini4)
 *(.fini4)
 *(.fini3)
 *(.fini3)
 *(.fini2)
 *(.fini2)
 *(.fini1)
 *(.fini1)
 *(.fini0)
 .fini0         0x00001cae        0x4 f:/installed_programs/electronics/atmel/atmel toolchain/avr8 gcc/native/3.4.1061/avr8-gnu-toolchain/bin/../lib/gcc/avr/4.8.1/avr51\libgcc.a(_exit.o)
 *(.fini0)
                0x00001cb2                _etext = .

.data           0x00800100       0x54 load address 0x00001cb2
                0x00800100                PROVIDE (__data_start, .)
 *(.data)
 *(.data*)
 .data.currentHistSetPoint
                0x00800100        0x4 main.o
                0x00800100                currentHistSetPoint
 .data.currentTempSetPoint
                0x00800104        0x4 main.o
                0x00800104                currentTempSetPoint
 .data.currentTemp
                0x00800108        0x4 main.o
                0x00800108                currentTemp
 .data.taskControlPeriod
                0x0080010c        0x2 main.o
                0x0080010c                taskControlPeriod
 .data.taskUpdateLCDPeriod
                0x0080010e        0x2 main.o
                0x0080010e                taskUpdateLCDPeriod
 .data.taskReadButtonsPeriod
                0x00800110        0x2 main.o
                0x00800110                taskReadButtonsPeriod
 *(.rodata)
 *(.rodata*)
 .rodata.str1.1
                0x00800112       0x42 main.o
                                 0x45 (size before relaxing)
 *(.gnu.linkonce.d*)
                0x00800154                . = ALIGN (0x2)
                0x00800154                _edata = .
                0x00800154                PROVIDE (__data_end, .)

.bss            0x00800154       0x54
                0x00800154                PROVIDE (__bss_start, .)
 *(.bss)
 *(.bss*)
 .bss.tickCounter.1617
                0x00800154        0x2 libs/interrupts/interruptvectors.o
 .bss.relayLastState.2442
                0x00800156        0x1 main.o
 .bss.state.2426
                0x00800157        0x1 main.o
 .bss.codeOld.2421
                0x00800158        0x2 main.o
 .bss.keyCount.2422
                0x0080015a        0x2 main.o
 .bss.currentStatus
                0x0080015c        0x1 main.o
                0x0080015c                currentStatus
 .bss.flagSaveParametersEeprom
                0x0080015d        0x1 main.o
                0x0080015d                flagSaveParametersEeprom
 .bss.flagTaskControl
                0x0080015e        0x1 main.o
                0x0080015e                flagTaskControl
 .bss.flagTaskUpdateLcd
                0x0080015f        0x1 main.o
                0x0080015f                flagTaskUpdateLcd
 .bss.flagTaskReadButtons
                0x00800160        0x1 main.o
                0x00800160                flagTaskReadButtons
 *(COMMON)
 COMMON         0x00800161       0x34 libs/interrupts/interruptvectors.o
                0x00800161                flagNewMessage
                0x00800162                usartBuffer
                0x00800194                nReceivedBytes
 COMMON         0x00800195       0x13 main.o
                0x00800195                debugBuffer
                0x0080019f                eestruct_var
                0x008001a8                PROVIDE (__bss_end, .)
                0x00001cb2                __data_load_start = LOADADDR (.data)
                0x00001d06                __data_load_end = (__data_load_start + SIZEOF (.data))

.noinit         0x008001a8        0x0
                0x008001a8                PROVIDE (__noinit_start, .)
 *(.noinit*)
                0x008001a8                PROVIDE (__noinit_end, .)
                0x008001a8                _end = .
                0x008001a8                PROVIDE (__heap_start, .)

.eeprom         0x00810000        0x9
 *(.eeprom*)
 .eeprom        0x00810000        0x9 main.o
                0x00810000                eestruct_eemem
                0x00810009                __eeprom_end = .

.fuse
 *(.fuse)
 *(.lfuse)
 *(.hfuse)
 *(.efuse)

.lock
 *(.lock*)

.signature
 *(.signature*)

.user_signatures
 *(.user_signatures*)

.stab
 *(.stab)

.stabstr
 *(.stabstr)

.stab.excl
 *(.stab.excl)

.stab.exclstr
 *(.stab.exclstr)

.stab.index
 *(.stab.index)

.stab.indexstr
 *(.stab.indexstr)

.comment        0x00000000       0x5c
 *(.comment)
 .comment       0x00000000       0x30 libs/interrupts/interruptvectors.o
                                 0x31 (size before relaxing)
 .comment       0x00000000       0x31 libs/lcds/hd774x.o
 .comment       0x00000000       0x31 libs/usart/usart.o
 .comment       0x00000000       0x31 main.o
 .comment       0x00000000       0x31 f:/installed_programs/electronics/atmel/atmel toolchain/avr8 gcc/native/3.4.1061/avr8-gnu-toolchain/bin/../lib/gcc/avr/4.8.1/../../../../avr/lib/avr51\libc.a(sprintf.o)
 .comment       0x00000030       0x2c f:/installed_programs/electronics/atmel/atmel toolchain/avr8 gcc/native/3.4.1061/avr8-gnu-toolchain/bin/../lib/gcc/avr/4.8.1/../../../../avr/lib/avr51\libc.a(vfprintf_std.o)
                                 0x2d (size before relaxing)
 .comment       0x00000000       0x31 f:/installed_programs/electronics/atmel/atmel toolchain/avr8 gcc/native/3.4.1061/avr8-gnu-toolchain/bin/../lib/gcc/avr/4.8.1/../../../../avr/lib/avr51\libc.a(fputc.o)

.note.gnu.build-id
 *(.note.gnu.build-id)

.debug
 *(.debug)

.line
 *(.line)

.debug_srcinfo
 *(.debug_srcinfo)

.debug_sfnames
 *(.debug_sfnames)

.debug_aranges  0x00000000      0x2f8
 *(.debug_aranges)
 .debug_aranges
                0x00000000      0x130 libs/interrupts/interruptvectors.o
 .debug_aranges
                0x00000130       0xb0 libs/lcds/hd774x.o
 .debug_aranges
                0x000001e0       0x58 libs/usart/usart.o
 .debug_aranges
                0x00000238       0xc0 main.o

.debug_pubnames
 *(.debug_pubnames)

.debug_info     0x00000000     0x1eee
 *(.debug_info .gnu.linkonce.wi.*)
 .debug_info    0x00000000      0x4f8 libs/interrupts/interruptvectors.o
 .debug_info    0x000004f8      0xaac libs/lcds/hd774x.o
 .debug_info    0x00000fa4      0x235 libs/usart/usart.o
 .debug_info    0x000011d9      0xd15 main.o

.debug_abbrev   0x00000000      0x7ea
 *(.debug_abbrev)
 .debug_abbrev  0x00000000      0x181 libs/interrupts/interruptvectors.o
 .debug_abbrev  0x00000181      0x20f libs/lcds/hd774x.o
 .debug_abbrev  0x00000390       0xc8 libs/usart/usart.o
 .debug_abbrev  0x00000458      0x392 main.o

.debug_line     0x00000000     0x14e0
 *(.debug_line .debug_line.* .debug_line_end)
 .debug_line    0x00000000      0x4a1 libs/interrupts/interruptvectors.o
 .debug_line    0x000004a1      0x5ac libs/lcds/hd774x.o
 .debug_line    0x00000a4d      0x220 libs/usart/usart.o
 .debug_line    0x00000c6d      0x873 main.o

.debug_frame    0x00000000      0x978
 *(.debug_frame)
 .debug_frame   0x00000000      0x484 libs/interrupts/interruptvectors.o
 .debug_frame   0x00000484      0x1f8 libs/lcds/hd774x.o
 .debug_frame   0x0000067c       0xd4 libs/usart/usart.o
 .debug_frame   0x00000750      0x228 main.o

.debug_str      0x00000000      0x924
 *(.debug_str)
 .debug_str     0x00000000      0x3ff libs/interrupts/interruptvectors.o
                                0x438 (size before relaxing)
 .debug_str     0x000003ff      0x1e5 libs/lcds/hd774x.o
                                0x377 (size before relaxing)
 .debug_str     0x000005e4       0x68 libs/usart/usart.o
                                0x233 (size before relaxing)
 .debug_str     0x0000064c      0x2d8 main.o
                                0x56b (size before relaxing)

.debug_loc      0x00000000     0x1989
 *(.debug_loc)
 .debug_loc     0x00000000      0x860 libs/interrupts/interruptvectors.o
 .debug_loc     0x00000860      0x8b9 libs/lcds/hd774x.o
 .debug_loc     0x00001119      0x1aa libs/usart/usart.o
 .debug_loc     0x000012c3      0x6c6 main.o

.debug_macinfo
 *(.debug_macinfo)

.debug_weaknames
 *(.debug_weaknames)

.debug_funcnames
 *(.debug_funcnames)

.debug_typenames
 *(.debug_typenames)

.debug_varnames
 *(.debug_varnames)

.debug_pubtypes
 *(.debug_pubtypes)

.debug_ranges   0x00000000      0x2d0
 *(.debug_ranges)
 .debug_ranges  0x00000000      0x120 libs/interrupts/interruptvectors.o
 .debug_ranges  0x00000120       0xb8 libs/lcds/hd774x.o
 .debug_ranges  0x000001d8       0x48 libs/usart/usart.o
 .debug_ranges  0x00000220       0xb0 main.o

.debug_macro
 *(.debug_macro)
OUTPUT(main.elf elf32-avr)
LOAD linker stubs
